token ok
using existing root: 113x3vo_WLL2mrhvHa7_J_uQUkVFRdMiS
subfolders ready: ['photos', 'docs', 'voice', 'videos']
  [1] docs: 202511191530428.pdf
  [2] docs: CamScanner 21.10.2025 15.26.pdf
  [3] photos: IMG-20250825-WA0078.jpg
  [4] photos: IMG-20251204-WA0065.jpg
  [5] photos: IMG-20260101-WA0116.jpg
  [6] photos: IMG-20260101-WA0117.jpg
  [7] photos: IMG-20260101-WA0118.jpg
  [8] photos: IMG-20260102-WA0058.jpg
  [9] photos: IMG-20260104-WA0074.jpg
  [10] photos: IMG-20260107-WA0087.jpg
  [11] photos: IMG-20260107-WA0088.jpg
  [12] photos: IMG-20260107-WA0089.jpg
  [13] photos: IMG-20260107-WA0090.jpg
  [14] photos: IMG-20260107-WA0091.jpg
  [15] photos: IMG-20260107-WA0092.jpg
  [16] photos: IMG-20260107-WA0093.jpg
  [17] photos: IMG-20260107-WA0094.jpg
  [18] photos: IMG-20260114-WA0037.jpg
  [19] photos: IMG-20260114-WA0038.jpg
  [20] photos: IMG-20260116-WA0007.jpg
  [21] photos: IMG-20260122-WA0018.jpg
  [22] photos: IMG-20260206-WA0023.jpg
  [23] photos: IMG-20260219-WA0001.jpg
  [24] photos: IMG-20260301-WA0220.jpg
  [25] photos: IMG-20260301-WA0221.jpg
  [26] photos: IMG-20260301-WA0224.jpg
  [27] photos: IMG-20260301-WA0225.jpg
  [28] photos: IMG-20260301-WA0226.jpg
  [29] photos: IMG-20260301-WA0227.jpg
  [30] photos: IMG-20260301-WA0239.jpg
  [31] photos: IMG-20260301-WA0240.jpg
  [32] photos: IMG-20260301-WA0241.jpg
  [33] photos: IMG-20260301-WA0242.jpg
  [34] photos: IMG-20260301-WA0243.jpg
  [35] photos: IMG-20260301-WA0244.jpg
  [36] photos: IMG-20260301-WA0246.jpg
  [37] photos: IMG-20260301-WA0247.jpg
  [38] photos: IMG-20260301-WA0248.jpg
  [39] photos: IMG-20260301-WA0278.jpg
  [40] photos: IMG-20260301-WA0279.jpg
  [41] photos: IMG-20260325-WA0118.jpg
  [42] photos: IMG-20260325-WA0119.jpg
  [43] photos: IMG-20260416-WA0102.jpg
  [44] photos: IMG-20260416-WA0103.jpg
  [45] photos: IMG-20260416-WA0104.jpg
  [46] photos: IMG-20260427-WA0019.jpg
  [47] photos: IMG-20260427-WA0020.jpg
  [48] photos: IMG-20260427-WA0021.jpg
  [49] photos: IMG-20260427-WA0022.jpg
  [50] photos: IMG-20260427-WA0024.jpg
  [51] photos: IMG-20260427-WA0025.jpg
  [52] photos: IMG-20260427-WA0064.jpg
  [53] photos: IMG-20260428-WA0049.jpg
  [54] photos: IMG-20260429-WA0037.jpg
  [55] photos: IMG-20260429-WA0038.jpg
  [56] photos: IMG-20260429-WA0039.jpg
  [57] photos: IMG-20260429-WA0040.jpg
  [58] photos: IMG-20260429-WA0124.jpg
  [59] photos: IMG-20260429-WA0128.jpg
  [60] photos: IMG-20260429-WA0129.jpg
  [61] photos: IMG-20260429-WA0130.jpg
  [62] photos: IMG-20260429-WA0138.jpg
  [63] photos: IMG-20260429-WA0139.jpg
  [64] photos: IMG-20260429-WA0140.jpg
  [65] photos: IMG-20260429-WA0141.jpg
  [66] photos: IMG-20260429-WA0142.jpg
  [67] photos: IMG-20260429-WA0143.jpg
  [68] photos: IMG-20260429-WA0144.jpg
  [69] photos: IMG-20260429-WA0145.jpg
  [70] photos: IMG-20260429-WA0146.jpg
  [71] photos: IMG-20260430-WA0046.jpg
  [72] photos: IMG-20260430-WA0047.jpg
  [73] photos: IMG-20260430-WA0048.jpg
  [74] photos: IMG-20260430-WA0049.jpg
  [75] photos: IMG-20260430-WA0050.jpg
  [76] photos: IMG-20260430-WA0051.jpg
  [77] photos: IMG-20260430-WA0052.jpg
  [78] photos: IMG-20260430-WA0053.jpg
  [79] photos: IMG-20260430-WA0054.jpg
  [80] photos: IMG-20260430-WA0055.jpg
  [81] photos: IMG-20260430-WA0056.jpg
  [82] photos: IMG-20260430-WA0077.jpg
  [83] photos: IMG-20260430-WA0080.jpg
  [84] photos: IMG-20260430-WA0081.jpg
  [85] photos: IMG-20260430-WA0082.jpg
  [86] photos: IMG-20260430-WA0084.jpg
