Traceback (most recent call last):
  File "C:\Users\יוסף שניידר\AppData\Local\Programs\Python\Python311\Lib\urllib\request.py", line 1348, in do_open
    h.request(req.get_method(), req.selector, req.data, headers,
  File "C:\Users\יוסף שניידר\AppData\Local\Programs\Python\Python311\Lib\http\client.py", line 1303, in request
    self._send_request(method, url, body, headers, encode_chunked)
  File "C:\Users\יוסף שניידר\AppData\Local\Programs\Python\Python311\Lib\http\client.py", line 1349, in _send_request
    self.endheaders(body, encode_chunked=encode_chunked)
  File "C:\Users\יוסף שניידר\AppData\Local\Programs\Python\Python311\Lib\http\client.py", line 1298, in endheaders
    self._send_output(message_body, encode_chunked=encode_chunked)
  File "C:\Users\יוסף שניידר\AppData\Local\Programs\Python\Python311\Lib\http\client.py", line 1097, in _send_output
    self.send(chunk)
  File "C:\Users\יוסף שניידר\AppData\Local\Programs\Python\Python311\Lib\http\client.py", line 1019, in send
    self.sock.sendall(data)
  File "C:\Users\יוסף שניידר\AppData\Local\Programs\Python\Python311\Lib\ssl.py", line 1273, in sendall
    v = self.send(byte_view[count:])
        ^^^^^^^^^^^^^^^^^^^^^^^^^^^^
  File "C:\Users\יוסף שניידר\AppData\Local\Programs\Python\Python311\Lib\ssl.py", line 1242, in send
    return self._sslobj.write(data)
           ^^^^^^^^^^^^^^^^^^^^^^^^
ssl.SSLEOFError: EOF occurred in violation of protocol (_ssl.c:2427)

During handling of the above exception, another exception occurred:

Traceback (most recent call last):
  File "C:\Users\יוסף שניידר\maale-newsletter\sync\drive_upload.py", line 212, in <module>
    main()
  File "C:\Users\יוסף שניידר\maale-newsletter\sync\drive_upload.py", line 177, in main
    result = drive_upload(token, local, fn, sub_ids[kind], mime)
             ^^^^^^^^^^^^^^^^^^^^^^^^^^^^^^^^^^^^^^^^^^^^^^^^^^^
  File "C:\Users\יוסף שניידר\maale-newsletter\sync\drive_upload.py", line 99, in drive_upload
    with urllib.request.urlopen(req, timeout=120) as r:
         ^^^^^^^^^^^^^^^^^^^^^^^^^^^^^^^^^^^^^^^^
  File "C:\Users\יוסף שניידר\AppData\Local\Programs\Python\Python311\Lib\urllib\request.py", line 216, in urlopen
    return opener.open(url, data, timeout)
           ^^^^^^^^^^^^^^^^^^^^^^^^^^^^^^^
  File "C:\Users\יוסף שניידר\AppData\Local\Programs\Python\Python311\Lib\urllib\request.py", line 519, in open
    response = self._open(req, data)
               ^^^^^^^^^^^^^^^^^^^^^
  File "C:\Users\יוסף שניידר\AppData\Local\Programs\Python\Python311\Lib\urllib\request.py", line 536, in _open
    result = self._call_chain(self.handle_open, protocol, protocol +
             ^^^^^^^^^^^^^^^^^^^^^^^^^^^^^^^^^^^^^^^^^^^^^^^^^^^^^^^
  File "C:\Users\יוסף שניידר\AppData\Local\Programs\Python\Python311\Lib\urllib\request.py", line 496, in _call_chain
    result = func(*args)
             ^^^^^^^^^^^
  File "C:\Users\יוסף שניידר\AppData\Local\Programs\Python\Python311\Lib\urllib\request.py", line 1391, in https_open
    return self.do_open(http.client.HTTPSConnection, req,
           ^^^^^^^^^^^^^^^^^^^^^^^^^^^^^^^^^^^^^^^^^^^^^^
  File "C:\Users\יוסף שניידר\AppData\Local\Programs\Python\Python311\Lib\urllib\request.py", line 1351, in do_open
    raise URLError(err)
urllib.error.URLError: <urlopen error EOF occurred in violation of protocol (_ssl.c:2427)>
